ASxxxx Linker V03.00 + NoICE + sdld,  page 1.
Hexadecimal  [32-Bits]

Area                                    Addr        Size        Decimal Bytes (Attributes)
--------------------------------        ----        ----        ------- ----- ------------
.  .ABS.                            00000000    00000000 =           0. bytes (ABS,CON)

      Value  Global                              Global Defined In Module
      -----  --------------------------------   ------------------------
     00000000  .__.ABS.                           
     00000000  _rRAMG                             
     00000000  l__BASE                         
     00000000  l__BSS                          
     00000000  l__CABS                         
     00000000  l__CODE_0                       
     00000000  l__CRASH_HEADER                 
     00000000  l__CRASH_SCRATCH                
     00000000  l__DABS                         
     00000000  l__EHL_TRAMPOLINE               
     00000000  l__HEADER                       
     00000000  l__HEADER_LCD                   
     00000000  l__HEADER_SIO                   
     00000000  l__HEADER_TIMER                 
     00000000  l__HEAP                         
     00000000  l__HRAM                         
     00000000  l__LIT                          
     00000000  s__CABS                         
     00000000  s__CRASH_HEADER                 
     00000000  s__CRASH_HEADER0                
     00000000  s__CRASH_HEADER1                
     00000000  s__CRASH_SCRATCH                
     00000000  s__CRASH_SCRATCH2               
     00000000  s__DABS                         
     00000000  s__EHL_TRAMPOLINE               
     00000000  s__EHL_TRAMPOLINE0              
     00000000  s__HEADER                       
     00000000  s__HEADER0                      
     00000000  s__HEADER1                      
     00000000  s__HEADER10                     
     00000000  s__HEADER11                     
     00000000  s__HEADER2                      
     00000000  s__HEADER3                      
     00000000  s__HEADER4                      
     00000000  s__HEADER5                      
     00000000  s__HEADER6                      
     00000000  s__HEADER7                      
     00000000  s__HEADER8                      
     00000000  s__HEADER9                      
     00000000  s__HEADER_LCD                   
     00000000  s__HEADER_LCD0                  
     00000000  s__HEADER_SIO                   
     00000000  s__HEADER_SIO0                  
     00000000  s__HEADER_TIMER                 
     00000000  s__HEADER_TIMER0                
     00000000  s__HEADERa                      
     00000000  s__HEADERb                      
     00000000  s__HEADERc                      
     00000000  s__HEADERd                      
     00000000  s__HEADERe                      
ASxxxx Linker V03.00 + NoICE + sdld,  page 2.
Hexadecimal  [32-Bits]

Area                                    Addr        Size        Decimal Bytes (Attributes)
--------------------------------        ----        ----        ------- ----- ------------
.  .ABS.                            00000000    00000000 =           0. bytes (ABS,CON)

      Value  Global                              Global Defined In Module
      -----  --------------------------------   ------------------------
     00000000  s__HEADERf                      
     00000000  s__HRAM                         
     00000000  s__HRAM12                       
     00000001  ___bank_ACTOR                      actor
     00000001  ___bank_VM_ACTOR                   vm_actor
     00000001  ___bank_VM_SGB                     vm_sgb
     00000001  ___bank_bg_bg_endscreen_sad_tile   bg_bg_endscreen_sad_tileset
     00000001  ___bank_cursor_image               cursor_image
     00000001  b_activate_actor                   actor
     00000001  b_activate_actors_in_col           actor
     00000001  b_activate_actors_in_row           actor
     00000001  b_actor_at_tile                    actor
     00000001  b_actor_get_frame_offset           actor
     00000001  b_actor_in_front_of_player         actor
     00000001  b_actor_overlapping_bb             actor
     00000001  b_actor_overlapping_player         actor
     00000001  b_actor_set_anim_idle              actor
     00000001  b_actor_set_anim_moving            actor
     00000001  b_actor_set_dir                    actor
     00000001  b_actor_set_frame_offset           actor
     00000001  b_actor_set_frames                 actor
     00000001  b_actors_handle_player_collision   actor
     00000001  b_actors_init                      actor
     00000001  b_check_collision_in_direction     actor
     00000001  b_deactivate_actor                 actor
     00000001  b_player_init                      actor
     00000001  b_ui_draw_frame                    ui
     00000001  b_ui_draw_text_buffer_char         ui
     00000001  b_ui_init                          ui
     00000001  b_ui_load_tiles                    ui
     00000001  b_ui_run_menu                      ui
     00000001  b_ui_run_modal                     ui
     00000001  b_ui_set_start_tile                ui
     00000001  b_vm_actor_activate                vm_actor
     00000001  b_vm_actor_deactivate              vm_actor
     00000001  b_vm_actor_emote                   vm_actor
     00000001  b_vm_actor_get_angle               vm_actor
     00000001  b_vm_actor_get_anim_frame          vm_actor
     00000001  b_vm_actor_get_dir                 vm_actor
     00000001  b_vm_actor_get_pos                 vm_actor
     00000001  b_vm_actor_move_cancel             vm_actor
     00000001  b_vm_actor_move_to                 vm_actor
     00000001  b_vm_actor_replace_tile            vm_actor
     00000001  b_vm_actor_set_anim                vm_actor
     00000001  b_vm_actor_set_anim_frame          vm_actor
     00000001  b_vm_actor_set_anim_set            vm_actor
     00000001  b_vm_actor_set_anim_tick           vm_actor
     00000001  b_vm_actor_set_bounds              vm_actor
     00000001  b_vm_actor_set_dir                 vm_actor
     00000001  b_vm_actor_set_flags               vm_actor
     00000001  b_vm_actor_set_move_speed          vm_actor
ASxxxx Linker V03.00 + NoICE + sdld,  page 3.
Hexadecimal  [32-Bits]

Area                                    Addr        Size        Decimal Bytes (Attributes)
--------------------------------        ----        ----        ------- ----- ------------
.  .ABS.                            00000000    00000000 =           0. bytes (ABS,CON)

      Value  Global                              Global Defined In Module
      -----  --------------------------------   ------------------------
     00000001  b_vm_actor_set_pos                 vm_actor
     00000001  b_vm_actor_set_spritesheet         vm_actor
     00000001  b_vm_actor_set_spritesheet_by_re   vm_actor
     00000001  b_vm_actor_terminate_update        vm_actor
     00000001  l__GSFINAL                      
     00000001  l__HEADER0                      
     00000001  l__HEADER11                     
     00000001  l__HEADER9                      
     00000001  l__HEADERa                      
     00000001  l__HEADERb                      
     00000001  l__HEADERd                      
     00000001  l__HEADERe                      
     00000002  ___bank_bg_bg_creditscreen_theen   bg_bg_creditscreen_theend_ti
     00000002  ___bank_bg_bg_level1_tilemap       bg_bg_level1_tilemap
     00000002  ___bank_bg_bg_level1_tilemap_att   bg_bg_level1_tilemap_attr
     00000002  ___bank_palette_0                  palette_0
     00000002  ___bank_scene_parallax_example_c   scene_parallax_example_colli
     00000002  l__HEADER5                      
     00000002  l__HEADERc                      
     00000002  l__HEADERf                      
     00000003  ___bank_VM_MAIN                    vm
     00000003  ___bank_bg_bg_level3_longer_new_   bg_bg_level3_longer_new_tile
     00000003  ___bank_bg_bg_level3_longer_new_   bg_bg_level3_longer_new_tile
     00000003  ___bank_script_input_1             script_input_1
     00000003  ___bank_sprite_player_platform_t   sprite_player_platform_tiles
     00000003  b_platform_init                    platform
     00000003  b_platform_update                  platform
     00000003  b_script_detach_hthread            vm
     00000003  b_script_execute                   vm
     00000003  b_script_runner_init               vm
     00000003  b_script_terminate                 vm
     00000003  b_vm_call                          vm
     00000003  b_vm_call_far                      vm
     00000003  b_vm_get_indirect                  vm
     00000003  b_vm_get_int16                     vm
     00000003  b_vm_get_int8                      vm
     00000003  b_vm_get_tlocal                    vm
     00000003  b_vm_get_uint8                     vm
     00000003  b_vm_idle                          vm
     00000003  b_vm_if                            vm
     00000003  b_vm_if_const                      vm
     00000003  b_vm_init_rng                      vm
     00000003  b_vm_invoke                        vm
     00000003  b_vm_join                          vm
     00000003  b_vm_jump                          vm
     00000003  b_vm_lock                          vm
     00000003  b_vm_loop                          vm
     00000003  b_vm_memcpy                        vm
     00000003  b_vm_memset                        vm
     00000003  b_vm_poll_loaded                   vm
     00000003  b_vm_pop                           vm
ASxxxx Linker V03.00 + NoICE + sdld,  page 4.
Hexadecimal  [32-Bits]

Area                                    Addr        Size        Decimal Bytes (Attributes)
--------------------------------        ----        ----        ------- ----- ------------
.  .ABS.                            00000000    00000000 =           0. bytes (ABS,CON)

      Value  Global                              Global Defined In Module
      -----  --------------------------------   ------------------------
     00000003  b_vm_push                          vm
     00000003  b_vm_push_reference                vm
     00000003  b_vm_push_value                    vm
     00000003  b_vm_push_value_ind                vm
     00000003  b_vm_raise                         vm
     00000003  b_vm_rand                          vm
     00000003  b_vm_reserve                       vm
     00000003  b_vm_ret                           vm
     00000003  b_vm_ret_far                       vm
     00000003  b_vm_set                           vm
     00000003  b_vm_set_const                     vm
     00000003  b_vm_set_const_int16               vm
     00000003  b_vm_set_const_int8                vm
     00000003  b_vm_set_indirect                  vm
     00000003  b_vm_set_int16                     vm
     00000003  b_vm_set_int8                      vm
     00000003  b_vm_set_uint8                     vm
     00000003  b_vm_terminate                     vm
     00000003  b_vm_test_terminate                vm
     00000003  b_vm_unlock                        vm
     00000003  b_wait_frames                      vm
     00000003  l__HEADER8                      
     00000003  l__HEADER_LCD0                  
     00000003  l__HRAM12                       
     00000004  ___bank_bg_bg_level2_tileset       bg_bg_level2_tileset
     00000004  ___bank_bg_bg_openingscreen_tile   bg_bg_openingscreen_tileset
     00000004  ___bank_font_gbs_mono              font_gbs_mono
     00000004  ___bank_scene_0_collisions         scene_0_collisions
     00000004  b_do_load_palette                  data_manager
     00000004  b_events_init                      events
     00000004  b_load_background                  data_manager
     00000004  b_load_bkg_tileset                 data_manager
     00000004  b_load_bounds                      data_manager
     00000004  b_load_emote                       data_manager
     00000004  b_load_init                        data_manager
     00000004  b_load_player                      data_manager
     00000004  b_load_scene                       data_manager
     00000004  b_load_sprite                      data_manager
     00000004  b_timers_init                      events
     00000004  l__CRASH_HEADER1                
     00000004  l__HEADER_SIO0                  
     00000004  l__HEADER_TIMER0                
     00000005  ___bank_VM_GAMEBOY                 vm_gameboy
     00000005  ___bank_bg_bg_level1_tileset       bg_bg_level1_tileset
     00000005  ___bank_bg_credit_red_tileset      bg_credit_red_tileset
     00000005  ___bank_bg_credit_robin_tileset    bg_credit_robin_tileset
     00000005  ___bank_bg_credit_ryan_tileset     bg_credit_ryan_tileset
     00000005  ___bank_bg_credit_twinkie_tilese   bg_credit_twinkie_tileset
     00000005  ___bank_scene_0_sprites            scene_0_sprites
     00000005  ___bank_sprite_chemical_cloud_ti   sprite_chemical_cloud_tilese
     00000005  b_vm_context_prepare               vm_gameboy
ASxxxx Linker V03.00 + NoICE + sdld,  page 5.
Hexadecimal  [32-Bits]

Area                                    Addr        Size        Decimal Bytes (Attributes)
--------------------------------        ----        ----        ------- ----- ------------
.  .ABS.                            00000000    00000000 =           0. bytes (ABS,CON)

      Value  Global                              Global Defined In Module
      -----  --------------------------------   ------------------------
     00000005  b_vm_fade                          vm_gameboy
     00000005  b_vm_get_tile_xy                   vm_gameboy
     00000005  b_vm_input_attach                  vm_gameboy
     00000005  b_vm_input_detach                  vm_gameboy
     00000005  b_vm_input_get                     vm_gameboy
     00000005  b_vm_input_wait                    vm_gameboy
     00000005  b_vm_load_tiles                    vm_gameboy
     00000005  b_vm_load_tileset                  vm_gameboy
     00000005  b_vm_poll                          vm_gameboy
     00000005  b_vm_replace_tile                  vm_gameboy
     00000005  b_vm_replace_tile_xy               vm_gameboy
     00000005  b_vm_rumble                        vm_gameboy
     00000005  b_vm_set_sprite_mode               vm_gameboy
     00000005  b_vm_set_sprites_visible           vm_gameboy
     00000005  b_vm_timer_prepare                 vm_gameboy
     00000005  b_vm_timer_reset                   vm_gameboy
     00000005  b_vm_timer_set                     vm_gameboy
     00000005  b_vm_timer_stop                    vm_gameboy
     00000005  l__CRASH_HEADER0                
     00000005  l__HEADER1                      
     00000006  ___bank_bg_bg_endscreen_happy_ti   bg_bg_endscreen_happy_tilese
     00000006  ___bank_bg_bg_endscreen_pee_tile   bg_bg_endscreen_pee_tileset
     00000006  ___bank_bg_bg_endscreen_shake_ti   bg_bg_endscreen_shake_tilese
     00000006  ___bank_bg_bg_level2_tilemap_att   bg_bg_level2_tilemap_attr
     00000006  ___bank_bg_bg_level3_longer_new_   bg_bg_level3_longer_new_tile
     00000006  ___bank_bg_bg_startscreen_final_   bg_bg_startscreen_final_tile
     00000006  ___bank_scene_19_init              scene_19_init
     00000006  b_adventure_init                   adventure
     00000006  b_adventure_update                 adventure
     00000006  l__HEADER7                      
     00000007  ___bank_VM_PALETTE                 vm_palette
     00000007  ___bank_VM_UI                      vm_ui
     00000007  ___bank_bg_bg_level2_tilemap       bg_bg_level2_tilemap
     00000007  ___bank_scene_9_collisions         scene_9_collisions
     00000007  ___bank_song_level3_Data           song_level3_Data
     00000007  ___bank_song_red_test_Data         song_red_test_Data
     00000007  b_camera_init                      camera
     00000007  b_camera_reset                     camera
     00000007  b_scroll_init                      scroll
     00000007  b_scroll_repaint                   scroll
     00000007  b_scroll_reset                     scroll
     00000007  b_scroll_update                    scroll
     00000007  b_shmup_init                       shmup
     00000007  b_shmup_update                     shmup
     00000007  b_topdown_init                     topdown
     00000007  b_topdown_update                   topdown
     00000007  b_vm_choice                        vm_ui
     00000007  b_vm_display_text                  vm_ui
     00000007  b_vm_load_palette                  vm_palette
     00000007  b_vm_overlay_clear                 vm_ui
     00000007  b_vm_overlay_move_to               vm_ui
ASxxxx Linker V03.00 + NoICE + sdld,  page 6.
Hexadecimal  [32-Bits]

Area                                    Addr        Size        Decimal Bytes (Attributes)
--------------------------------        ----        ----        ------- ----- ------------
.  .ABS.                            00000000    00000000 =           0. bytes (ABS,CON)

      Value  Global                              Global Defined In Module
      -----  --------------------------------   ------------------------
     00000007  b_vm_overlay_scroll                vm_ui
     00000007  b_vm_overlay_set_map               vm_ui
     00000007  b_vm_overlay_set_scroll            vm_ui
     00000007  b_vm_overlay_set_submap            vm_ui
     00000007  b_vm_overlay_set_submap_ex         vm_ui
     00000007  b_vm_overlay_setpos                vm_ui
     00000007  b_vm_overlay_show                  vm_ui
     00000007  b_vm_overlay_wait                  vm_ui
     00000007  b_vm_set_font                      vm_ui
     00000007  b_vm_set_text_sound                vm_ui
     00000007  b_vm_switch_text_layer             vm_ui
     00000007  l__HEADER2                      
     00000008  ___bank_actor_18_update            actor_18_update
     00000008  ___bank_bg_bg_endscreen_tileset    bg_bg_endscreen_tileset
     00000008  ___bank_scene_0_actors             scene_0_actors
     00000008  ___bank_scene_9_actors             scene_9_actors
     00000008  ___bank_song_introcutscene_Data    song_introcutscene_Data
     00000008  ___bank_song_level2_Data           song_level2_Data
     00000008  ___bank_song_startmenu_Data        song_startmenu_Data
     00000008  ___bank_song_victory_Data          song_victory_Data
     00000008  ___bank_sprite_0_peeanim_sad_til   sprite_0_peeanim_sad_tileset
     00000008  ___bank_sprite_chemical_vat_rev_   sprite_chemical_vat_rev_ani_
     00000008  ___bank_sprite_gbs_font_small      sprite_gbs_font_small
     00000008  ___bank_sprite_plant_stages_v1_t   sprite_plant_stages_v1_tiles
     00000008  ___mute_mask_sound_legacy_0        sound_legacy_0
     00000008  b_core_reset                       core
     00000008  b_core_run                         core
     00000008  b_data_clear                       load_save
     00000008  b_data_init                        load_save
     00000008  b_data_load                        load_save
     00000008  b_data_peek                        load_save
     00000008  b_data_save                        load_save
     00000008  b_projectile_launch                projectiles
     00000008  b_projectiles_init                 projectiles
     00000008  l__HEADER3                      
     00000009  ___bank_VM_CAMERA                  vm_camera
     00000009  ___bank_VM_SIO                     vm_sio
     00000009  ___bank_bg_bg_creditscreen_theen   bg_bg_creditscreen_theend_ti
     00000009  ___bank_bg_bg_creditscreen_theen   bg_bg_creditscreen_theend_ti
     00000009  ___bank_bg_bg_endscreen_happy_ti   bg_bg_endscreen_happy_tilema
     00000009  ___bank_bg_bg_endscreen_pee_tile   bg_bg_endscreen_pee_tilemap
     00000009  ___bank_bg_bg_endscreen_sad_tile   bg_bg_endscreen_sad_tilemap
     00000009  ___bank_bg_bg_endscreen_shake_ti   bg_bg_endscreen_shake_tilema
     00000009  ___bank_bg_bg_endscreen_tilemap    bg_bg_endscreen_tilemap
     00000009  ___bank_bg_bg_endscreen_tilemap_   bg_bg_endscreen_tilemap_attr
     00000009  ___bank_bg_bg_openingscreen_tile   bg_bg_openingscreen_tilemap
     00000009  ___bank_bg_bg_openingscreen_tile   bg_bg_openingscreen_tilemap_
     00000009  ___bank_scene_10_collisions        scene_10_collisions
     00000009  ___bank_scene_logo_collisions      scene_logo_collisions
     00000009  ___bank_scene_parallax_example_a   scene_parallax_example_actor
     00000009  ___bank_sprite_gbs_font_small_ti   sprite_gbs_font_small_tilese
ASxxxx Linker V03.00 + NoICE + sdld,  page 7.
Hexadecimal  [32-Bits]

Area                                    Addr        Size        Decimal Bytes (Attributes)
--------------------------------        ----        ----        ------- ----- ------------
.  .ABS.                            00000000    00000000 =           0. bytes (ABS,CON)

      Value  Global                              Global Defined In Module
      -----  --------------------------------   ------------------------
     00000009  ___bank_sprite_player_platform     sprite_player_platform
     00000009  ___bank_sprite_player_tileset      sprite_player_tileset
     00000009  ___bank_sprite_rain_tileset        sprite_rain_tileset
     00000009  b___HandleCrash_banked             
     00000009  b_camera_shake_frames              vm_camera
     00000009  b_erase_flash                      
     00000009  b_fade_applypalettechange          fade_manager
     00000009  b_fade_in                          fade_manager
     00000009  b_fade_in_modal                    fade_manager
     00000009  b_fade_init                        fade_manager
     00000009  b_fade_out                         fade_manager
     00000009  b_fade_out_modal                   fade_manager
     00000009  b_fade_setspeed                    fade_manager
     00000009  b_fade_update                      fade_manager
     00000009  b_gbprinter_detect                 gbprinter
     00000009  b_gbprinter_print_overlay          gbprinter
     00000009  b_pointnclick_init                 pointnclick
     00000009  b_pointnclick_update               pointnclick
     00000009  b_save_sram_banks                  
     00000009  b_set_sgb_border                   sgb_border
     00000009  b_trigger_activate_at              trigger
     00000009  b_trigger_activate_at_intersecti   trigger
     00000009  b_trigger_at_intersection          trigger
     00000009  b_trigger_at_tile                  trigger
     00000009  b_trigger_interact                 trigger
     00000009  b_trigger_reset                    trigger
     00000009  b_vm_camera_move_to                vm_camera
     00000009  b_vm_camera_set_pos                vm_camera
     00000009  b_vm_sio_exchange                  vm_sio
     00000009  b_vm_sio_set_mode                  vm_sio
     0000000A  ___bank_VM_GBPRINTER               vm_gbprinter
     0000000A  ___bank_VM_LOAD_SAVE               vm_load_save
     0000000A  ___bank_VM_MATH                    vm_math
     0000000A  ___bank_VM_MUSIC                   vm_music
     0000000A  ___bank_VM_PROJECTILE              vm_projectiles
     0000000A  ___bank_VM_RTC                     vm_rtc
     0000000A  ___bank_VM_SCENE                   vm_scene
     0000000A  ___bank_actor_19_interact          actor_19_interact
     0000000A  ___bank_actor_1_interact           actor_1_interact
     0000000A  ___bank_actor_22_update            actor_22_update
     0000000A  ___bank_actor_26_update            actor_26_update
     0000000A  ___bank_actor_28_update            actor_28_update
     0000000A  ___bank_actor_29_update            actor_29_update
     0000000A  ___bank_actor_30_interact          actor_30_interact
     0000000A  ___bank_actor_31_update            actor_31_update
     0000000A  ___bank_actor_32_interact          actor_32_interact
     0000000A  ___bank_actor_34_update            actor_34_update
     0000000A  ___bank_actor_35_update            actor_35_update
     0000000A  ___bank_actor_39_update            actor_39_update
     0000000A  ___bank_actor_41_interact          actor_41_interact
     0000000A  ___bank_actor_45_update            actor_45_update
ASxxxx Linker V03.00 + NoICE + sdld,  page 8.
Hexadecimal  [32-Bits]

Area                                    Addr        Size        Decimal Bytes (Attributes)
--------------------------------        ----        ----        ------- ----- ------------
.  .ABS.                            00000000    00000000 =           0. bytes (ABS,CON)

      Value  Global                              Global Defined In Module
      -----  --------------------------------   ------------------------
     0000000A  ___bank_actor_46_interact          actor_46_interact
     0000000A  ___bank_actor_47_update            actor_47_update
     0000000A  ___bank_actor_48_update            actor_48_update
     0000000A  ___bank_actor_49_interact          actor_49_interact
     0000000A  ___bank_actor_55_interact          actor_55_interact
     0000000A  ___bank_actor_59_update            actor_59_update
     0000000A  ___bank_actor_60_interact          actor_60_interact
     0000000A  ___bank_actor_61_interact          actor_61_interact
     0000000A  ___bank_actor_62_update            actor_62_update
     0000000A  ___bank_actor_64_interact          actor_64_interact
     0000000A  ___bank_actor_65_update            actor_65_update
     0000000A  ___bank_actor_66_update            actor_66_update
     0000000A  ___bank_actor_67_update            actor_67_update
     0000000A  ___bank_actor_68_update            actor_68_update
     0000000A  ___bank_actor_70_interact          actor_70_interact
     0000000A  ___bank_actor_74_interact          actor_74_interact
     0000000A  ___bank_bg_bg_startscreen_final_   bg_bg_startscreen_final_tile
     0000000A  ___bank_bg_credit_red_tilemap      bg_credit_red_tilemap
     0000000A  ___bank_bg_credit_robin_tilemap    bg_credit_robin_tilemap
     0000000A  ___bank_bg_credit_ryan_tilemap     bg_credit_ryan_tilemap
     0000000A  ___bank_bg_credit_twinkie_tilema   bg_credit_twinkie_tilemap
     0000000A  ___bank_frame_image                frame_image
     0000000A  ___bank_palette_1                  palette_1
     0000000A  ___bank_palette_2                  palette_2
     0000000A  ___bank_palette_3                  palette_3
     0000000A  ___bank_palette_4                  palette_4
     0000000A  ___bank_palette_5                  palette_5
     0000000A  ___bank_palette_6                  palette_6
     0000000A  ___bank_palette_7                  palette_7
     0000000A  ___bank_scene_0                    scene_0
     0000000A  ___bank_scene_0_init               scene_0_init
     0000000A  ___bank_scene_10                   scene_10
     0000000A  ___bank_scene_10_actors            scene_10_actors
     0000000A  ___bank_scene_10_init              scene_10_init
     0000000A  ___bank_scene_10_sprites           scene_10_sprites
     0000000A  ___bank_scene_11                   scene_11
     0000000A  ___bank_scene_11_collisions        scene_11_collisions
     0000000A  ___bank_scene_11_init              scene_11_init
     0000000A  ___bank_scene_12                   scene_12
     0000000A  ___bank_scene_12_collisions        scene_12_collisions
     0000000A  ___bank_scene_12_init              scene_12_init
     0000000A  ___bank_scene_13                   scene_13
     0000000A  ___bank_scene_13_collisions        scene_13_collisions
     0000000A  ___bank_scene_13_init              scene_13_init
     0000000A  ___bank_scene_14                   scene_14
     0000000A  ___bank_scene_14_collisions        scene_14_collisions
     0000000A  ___bank_scene_14_init              scene_14_init
     0000000A  ___bank_scene_15                   scene_15
     0000000A  ___bank_scene_15_collisions        scene_15_collisions
     0000000A  ___bank_scene_15_init              scene_15_init
     0000000A  ___bank_scene_16                   scene_16
ASxxxx Linker V03.00 + NoICE + sdld,  page 9.
Hexadecimal  [32-Bits]

Area                                    Addr        Size        Decimal Bytes (Attributes)
--------------------------------        ----        ----        ------- ----- ------------
.  .ABS.                            00000000    00000000 =           0. bytes (ABS,CON)

      Value  Global                              Global Defined In Module
      -----  --------------------------------   ------------------------
     0000000A  ___bank_scene_16_collisions        scene_16_collisions
     0000000A  ___bank_scene_16_init              scene_16_init
     0000000A  ___bank_scene_17                   scene_17
     0000000A  ___bank_scene_17_collisions        scene_17_collisions
     0000000A  ___bank_scene_17_init              scene_17_init
     0000000A  ___bank_scene_18                   scene_18
     0000000A  ___bank_scene_18_collisions        scene_18_collisions
     0000000A  ___bank_scene_18_init              scene_18_init
     0000000A  ___bank_scene_19                   scene_19
     0000000A  ___bank_scene_19_collisions        scene_19_collisions
     0000000A  ___bank_scene_9                    scene_9
     0000000A  ___bank_scene_9_init               scene_9_init
     0000000A  ___bank_scene_logo                 scene_logo
     0000000A  ___bank_scene_logo_init            scene_logo_init
     0000000A  ___bank_scene_parallax_example     scene_parallax_example
     0000000A  ___bank_scene_parallax_example_i   scene_parallax_example_init
     0000000A  ___bank_scene_title_screen_colli   scene_title_screen_collision
     0000000A  ___bank_scene_title_screen_init    scene_title_screen_init
     0000000A  ___bank_script_15                  script_15
     0000000A  ___bank_script_engine_init         
     0000000A  ___bank_sprite_0_peeanim_sad       sprite_0_peeanim_sad
     0000000A  ___bank_sprite_chemical_vat_rev_   sprite_chemical_vat_rev_ani
     0000000A  ___bank_sprite_cloud_player_spri   sprite_cloud_player_sprite_t
     0000000A  ___bank_sprite_flame_baby_idling   sprite_flame_baby_idling_an
     0000000A  ___bank_sprite_flame_baby_idling   sprite_flame_baby_idling_an_
     0000000A  ___bank_sprite_fly_enemysingle_a   sprite_fly_enemysingle_anim
     0000000A  ___bank_sprite_fly_enemysingle_a   sprite_fly_enemysingle_anim_
     0000000A  ___bank_sprite_plant_stages_v1     sprite_plant_stages_v1
     0000000A  ___bank_sprite_player              sprite_player
     0000000A  ___bank_sprite_rain                sprite_rain
     0000000A  ___bank_sprite_soot_idle_anim      sprite_soot_idle_anim
     0000000A  ___bank_sprite_soot_idle_anim_ti   sprite_soot_idle_anim_tilese
     0000000A  ___bank_sprite_sprite_raindrop     sprite_sprite_raindrop
     0000000A  ___bank_sprite_sprite_raindrop_t   sprite_sprite_raindrop_tiles
     0000000A  ___bank_sprite_tree_stump_tilese   sprite_tree_stump_tileset
     0000000A  b_CGBZeroPalette                   palette
     0000000A  b_SIO_init                         sio
     0000000A  b_itoa_fmt                         vm_ui_a
     0000000A  b_music_events_poll                music_manager
     0000000A  b_music_init_driver                music_manager
     0000000A  b_music_init_events                music_manager
     0000000A  b_palette_init                     palette
     0000000A  b_restore_sram                     flasher
     0000000A  b_restore_sram_bank                flasher
     0000000A  b_save_sram                        flasher
     0000000A  b_scroll_rect                      
     0000000A  b_vm_cos_scale                     vm_math
     0000000A  b_vm_music_mute                    vm_music
     0000000A  b_vm_music_play                    vm_music
     0000000A  b_vm_music_routine                 vm_music
     0000000A  b_vm_music_setpos                  vm_music
ASxxxx Linker V03.00 + NoICE + sdld,  page 10.
Hexadecimal  [32-Bits]

Area                                    Addr        Size        Decimal Bytes (Attributes)
--------------------------------        ----        ----        ------- ----- ------------
.  .ABS.                            00000000    00000000 =           0. bytes (ABS,CON)

      Value  Global                              Global Defined In Module
      -----  --------------------------------   ------------------------
     0000000A  b_vm_music_stop                    vm_music
     0000000A  b_vm_print_detect                  vm_gbprinter
     0000000A  b_vm_print_overlay                 vm_gbprinter
     0000000A  b_vm_projectile_launch             vm_projectiles
     0000000A  b_vm_projectile_load_type          vm_projectiles
     0000000A  b_vm_rtc_get                       vm_rtc
     0000000A  b_vm_rtc_latch                     vm_rtc
     0000000A  b_vm_rtc_set                       vm_rtc
     0000000A  b_vm_rtc_start                     vm_rtc
     0000000A  b_vm_save_clear                    vm_load_save
     0000000A  b_vm_save_peek                     vm_load_save
     0000000A  b_vm_scene_pop                     vm_scene
     0000000A  b_vm_scene_pop_all                 vm_scene
     0000000A  b_vm_scene_push                    vm_scene
     0000000A  b_vm_scene_stack_reset             vm_scene
     0000000A  b_vm_sfx_play                      vm_music
     0000000A  b_vm_sin_scale                     vm_math
     0000000A  b_vm_sound_mastervol               vm_music
     0000000B  ___bank_actor_20_update            actor_20_update
     0000000B  ___bank_actor_22_interact          actor_22_interact
     0000000B  ___bank_actor_26_interact          actor_26_interact
     0000000B  ___bank_actor_28_interact          actor_28_interact
     0000000B  ___bank_actor_29_interact          actor_29_interact
     0000000B  ___bank_actor_31_interact          actor_31_interact
     0000000B  ___bank_actor_34_interact          actor_34_interact
     0000000B  ___bank_actor_35_interact          actor_35_interact
     0000000B  ___bank_actor_36_update            actor_36_update
     0000000B  ___bank_actor_37_update            actor_37_update
     0000000B  ___bank_actor_39_interact          actor_39_interact
     0000000B  ___bank_actor_45_interact          actor_45_interact
     0000000B  ___bank_actor_47_interact          actor_47_interact
     0000000B  ___bank_actor_48_interact          actor_48_interact
     0000000B  ___bank_actor_51_interact          actor_51_interact
     0000000B  ___bank_actor_51_update            actor_51_update
     0000000B  ___bank_actor_52_interact          actor_52_interact
     0000000B  ___bank_actor_52_update            actor_52_update
     0000000B  ___bank_actor_53_interact          actor_53_interact
     0000000B  ___bank_actor_53_update            actor_53_update
     0000000B  ___bank_actor_54_update            actor_54_update
     0000000B  ___bank_actor_56_update            actor_56_update
     0000000B  ___bank_actor_59_interact          actor_59_interact
     0000000B  ___bank_actor_62_interact          actor_62_interact
     0000000B  ___bank_actor_65_interact          actor_65_interact
     0000000B  ___bank_actor_66_interact          actor_66_interact
     0000000B  ___bank_actor_67_interact          actor_67_interact
     0000000B  ___bank_actor_71_interact          actor_71_interact
     0000000B  ___bank_actor_71_update            actor_71_update
     0000000B  ___bank_actor_72_interact          actor_72_interact
     0000000B  ___bank_actor_72_update            actor_72_update
     0000000B  ___bank_actor_73_interact          actor_73_interact
     0000000B  ___bank_actor_73_update            actor_73_update
ASxxxx Linker V03.00 + NoICE + sdld,  page 11.
Hexadecimal  [32-Bits]

Area                                    Addr        Size        Decimal Bytes (Attributes)
--------------------------------        ----        ----        ------- ----- ------------
.  .ABS.                            00000000    00000000 =           0. bytes (ABS,CON)

      Value  Global                              Global Defined In Module
      -----  --------------------------------   ------------------------
     0000000B  ___bank_bg_bg_creditscreen_theen   bg_bg_creditscreen_theend
     0000000B  ___bank_bg_bg_endscreen            bg_bg_endscreen
     0000000B  ___bank_bg_bg_endscreen_happy      bg_bg_endscreen_happy
     0000000B  ___bank_bg_bg_endscreen_pee        bg_bg_endscreen_pee
     0000000B  ___bank_bg_bg_endscreen_sad        bg_bg_endscreen_sad
     0000000B  ___bank_bg_bg_endscreen_shake      bg_bg_endscreen_shake
     0000000B  ___bank_bg_bg_level1               bg_bg_level1
     0000000B  ___bank_bg_bg_level2               bg_bg_level2
     0000000B  ___bank_bg_bg_level3_longer_new    bg_bg_level3_longer_new
     0000000B  ___bank_bg_bg_openingscreen        bg_bg_openingscreen
     0000000B  ___bank_bg_bg_startscreen_final    bg_bg_startscreen_final
     0000000B  ___bank_bg_credit_red              bg_credit_red
     0000000B  ___bank_bg_credit_robin            bg_credit_robin
     0000000B  ___bank_bg_credit_ryan             bg_credit_ryan
     0000000B  ___bank_bg_credit_twinkie          bg_credit_twinkie
     0000000B  ___bank_bootstrap_script           
     0000000B  ___bank_scene_0_triggers           scene_0_triggers
     0000000B  ___bank_scene_18_actors            scene_18_actors
     0000000B  ___bank_scene_18_sprites           scene_18_sprites
     0000000B  ___bank_scene_19_actors            scene_19_actors
     0000000B  ___bank_scene_19_sprites           scene_19_sprites
     0000000B  ___bank_scene_9_sprites            scene_9_sprites
     0000000B  ___bank_scene_9_triggers           scene_9_triggers
     0000000B  ___bank_scene_parallax_example_s   scene_parallax_example_sprit
     0000000B  ___bank_scene_parallax_example_t   scene_parallax_example_trigg
     0000000B  ___bank_scene_title_screen         scene_title_screen
     0000000B  ___bank_script_12                  script_12
     0000000B  ___bank_script_init_menu           script_init_menu
     0000000B  ___bank_script_input_0             script_input_0
     0000000B  ___bank_script_input_2             script_input_2
     0000000B  ___bank_script_input_3             script_input_3
     0000000B  ___bank_sound_legacy_0             sound_legacy_0
     0000000B  ___bank_sprite_chemical_cloud      sprite_chemical_cloud
     0000000B  ___bank_sprite_cloud_player_spri   sprite_cloud_player_sprite
     0000000B  ___bank_sprite_tree_stump          sprite_tree_stump
     0000000B  ___bank_spritesheet_none           spritesheet_none
     0000000B  ___bank_trigger_0_interact         trigger_0_interact
     0000000B  ___bank_trigger_1_interact         trigger_1_interact
     0000000B  ___bank_trigger_2_interact         trigger_2_interact
     0000000B  ___bank_trigger_3_interact         trigger_3_interact
     0000000B  ___bank_trigger_40_interact        trigger_40_interact
     0000000B  ___bank_trigger_4_interact         trigger_4_interact
     0000000B  ___bank_trigger_5_interact         trigger_5_interact
     0000000B  ___bank_trigger_6_interact         trigger_6_interact
     0000000B  ___bank_trigger_7_interact         trigger_7_interact
     0000000B  b_input_init                       input
     0000000B  b_logo_init                        logo
     0000000B  b_logo_update                      logo
     0000000B  b_parallax_init                    parallax
     0000000B  b_remove_LCD_ISRs                  interrupts
     0000000C  __start_save                    
ASxxxx Linker V03.00 + NoICE + sdld,  page 12.
Hexadecimal  [32-Bits]

Area                                    Addr        Size        Decimal Bytes (Attributes)
--------------------------------        ----        ----        ------- ----- ------------
.  .ABS.                            00000000    00000000 =           0. bytes (ABS,CON)

      Value  Global                              Global Defined In Module
      -----  --------------------------------   ------------------------
     00000011  l__EHL_TRAMPOLINE0              
     00000019  l__INITIALIZED                  
     00000019  l__INITIALIZER                  
     00000027  l__GSINIT                       
     00000030  l__HEADER6                      
     0000004E  l__HEADER4                      
     00000082  l__HEADER10                     
     000001CB  l__CRASH_SCRATCH2               
     00000200  s__CODE                         
     0000081B  l__CODE_11                      
     00000C4E  l__CODE                         
     00000E4E  s__HOME                         
     0000197F  l__DATA                         
     00002000  _rROMB0                            
     00002C81  l__HOME                         
     00003000  _rROMB1                            
     00003ACF  s__BASE                         
     00003ACF  s__CODE_0                       
     00003ACF  s__INITIALIZER                  
     00003ACF  s__LIT                          
     00003AE8  s__GSINIT                       
     00003B0F  s__GSFINAL                      
     00003FFE  l__CODE_9                       
     00003FFF  l__CODE_2                       
     00003FFF  l__CODE_7                       
     00003FFF  l__CODE_8                       
     00004000  _RTC_SELECT_REG                    vm_rtc
     00004000  _rRAMB                             
     00004000  l__CODE_1                       
     00004000  l__CODE_10                      
     00004000  l__CODE_3                       
     00004000  l__CODE_4                       
     00004000  l__CODE_5                       
     00004000  l__CODE_6                       
     00006000  _RTC_LATCH_REG                     vm_rtc
     00008000  __VRAM                             
     00008000  __VRAM8000                         
     00008800  __VRAM8800                         
     00009000  __VRAM9000                         
     00009800  __SCRN0                            
     00009C00  __SCRN1                            
     0000A000  _RTC_VALUE_REG                     vm_rtc
     0000A000  __SRAM                             
     0000C000  __RAM                              
     0000C000  _shadow_OAM                     
     0000C0A0  s__DATA                         
     0000D000  __RAMBANK                          
     0000DA1F  s__BSS                          
     0000DA1F  s__INITIALIZED                  
     0000DA38  s__HEAP                         
     0000DF00  .STACK                          
ASxxxx Linker V03.00 + NoICE + sdld,  page 13.
Hexadecimal  [32-Bits]

Area                                    Addr        Size        Decimal Bytes (Attributes)
--------------------------------        ----        ----        ------- ----- ------------
.  .ABS.                            00000000    00000000 =           0. bytes (ABS,CON)

      Value  Global                              Global Defined In Module
      -----  --------------------------------   ------------------------
     0000DF00  _shadow_OAM2                       absolute
     0000DFA0  _BkgPalette                        absolute
     0000DFE0  _vwf_tile_data                     absolute
     0000FE00  __OAMRAM                           
     0000FF00  _P1_REG                            
     0000FF00  __IO                               
     0000FF01  _SB_REG                            
     0000FF02  _SC_REG                            
     0000FF04  _DIV_REG                           
     0000FF05  _TIMA_REG                          
     0000FF06  _TMA_REG                           
     0000FF07  _TAC_REG                           
     0000FF0F  _IF_REG                            
     0000FF10  _NR10_REG                          
     0000FF11  _NR11_REG                          
     0000FF12  _NR12_REG                          
     0000FF13  _NR13_REG                          
     0000FF14  _NR14_REG                          
     0000FF16  _NR21_REG                          
     0000FF17  _NR22_REG                          
     0000FF18  _NR23_REG                          
     0000FF19  _NR24_REG                          
     0000FF1A  _NR30_REG                          
     0000FF1B  _NR31_REG                          
     0000FF1C  _NR32_REG                          
     0000FF1D  _NR33_REG                          
     0000FF1E  _NR34_REG                          
     0000FF20  _NR41_REG                          
     0000FF21  _NR42_REG                          
     0000FF22  _NR43_REG                          
     0000FF23  _NR44_REG                          
     0000FF24  _NR50_REG                          
     0000FF25  _NR51_REG                          
     0000FF26  _NR52_REG                          
     0000FF30  _AUD3WAVE                          
     0000FF30  _PCM_SAMPLE                        
     0000FF30  __AUD3WAVERAM                      
     0000FF40  _LCDC_REG                          
     0000FF41  _STAT_REG                          
     0000FF42  _SCY_REG                           
     0000FF43  _SCX_REG                           
     0000FF44  _LY_REG                            
     0000FF45  _LYC_REG                           
     0000FF46  _DMA_REG                           
     0000FF47  _BGP_REG                           
     0000FF48  _OBP0_REG                          
     0000FF49  _OBP1_REG                          
     0000FF4A  _WY_REG                            
     0000FF4B  _WX_REG                            
     0000FF4D  _KEY1_REG                          
     0000FF4F  _VBK_REG                           
ASxxxx Linker V03.00 + NoICE + sdld,  page 14.
Hexadecimal  [32-Bits]

Area                                    Addr        Size        Decimal Bytes (Attributes)
--------------------------------        ----        ----        ------- ----- ------------
.  .ABS.                            00000000    00000000 =           0. bytes (ABS,CON)

      Value  Global                              Global Defined In Module
      -----  --------------------------------   ------------------------
     0000FF51  _HDMA1_REG                         
     0000FF52  _HDMA2_REG                         
     0000FF53  _HDMA3_REG                         
     0000FF54  _HDMA4_REG                         
     0000FF55  _HDMA5_REG                         
     0000FF56  _RP_REG                            
     0000FF68  _BCPS_REG                          
     0000FF69  _BCPD_REG                          
     0000FF6A  _OCPS_REG                          
     0000FF6B  _OCPD_REG                          
     0000FF70  _SVBK_REG                          
     0000FF76  _PCM12_REG                         
     0000FF77  _PCM34_REG                         
     0000FF80  .refresh_OAM                    
     0000FF80  __HRAM                             
     0000FFFF  _IE_REG                            
     00014000  s__CODE_1                       
     00024000  s__CODE_2                       
     00034000  s__CODE_3                       
     00044000  s__CODE_4                       
     00054000  s__CODE_5                       
     00064000  s__CODE_6                       
     00074000  s__CODE_7                       
     00084000  s__CODE_8                       
     00094000  s__CODE_9                       
     000A4000  s__CODE_10                      
     000B4000  s__CODE_11                      

ASxxxx Linker V03.00 + NoICE + sdld,  page 15.
Hexadecimal  [32-Bits]

Area                                    Addr        Size        Decimal Bytes (Attributes)
--------------------------------        ----        ----        ------- ----- ------------
_CODE                               00000200    00000C4E =        3150. bytes (REL,CON)

      Value  Global                              Global Defined In Module
      -----  --------------------------------   ------------------------
     00000200  ___HandleCrash                     
     0000020A  _SIO_send_byte                     
     0000021D  _SIO_receive                       
     0000022E  _SetTile                           
     0000023D  _set_win_tile_xy                   
     00000242  _set_bkg_tile_xy                   
     00000265  _GetWinAddr                        
     0000026D  _GetBkgAddr                        
     0000027B  _state_init                        
     00000280  _state_update                      
     000002A2  _ui_time_masks                     
     000002AA  _ui_print_shift_char               
     0000032D  _ui_draw_frame_row                 
     00000336  .ui_draw_frame_row                 
     0000035F  _script_cmds                       vm_instructions
     00000593  _save_signature                    game_signature
     00000597  _start_scene_x                     
     00000599  _start_scene_y                     
     0000059B  _start_scene_dir                   
     0000059C  _start_scene                       
     0000059F  _start_player_move_speed           
     000005A0  _start_player_anim_tick            
     000005A1  _ui_fonts                          
     000005A4  _core_reset_hook                   main
     000005AC  _main                              main
     000005B4  _state_start_fns                   
     000005C6  _state_update_fns                  
     000005D8  _hUGE_init_banked                  hUGEDriver_obj
     000005DC  _hUGE_init                         hUGEDriver_obj
     000005E7  _hUGE_mute_channel_banked          hUGEDriver_obj
     000005EB  _hUGE_mute_channel                 hUGEDriver_obj
     000005F8  _hUGE_set_position_banked          hUGEDriver_obj
     000005FC  _hUGE_set_position                 hUGEDriver_obj
     00000605  hUGE_init                          hUGEDriver_obj
     0000065B  hUGE_mute_channel                  hUGEDriver_obj
     00000851  hUGE_set_position                  hUGEDriver_obj
     000009B9  _hUGE_dosound                      hUGEDriver_obj
     000009B9  _hUGE_dosound_banked               hUGEDriver_obj
     000009B9  hUGE_dosound                       hUGEDriver_obj
     00000CA8  _get_vram_byte                     
     00000CB5  _get_win_tile_xy                   
     00000CBD  _get_bkg_tile_xy                   
     00000CE4  _set_sprite_palette                CGB
     00000CE9  _set_bkg_palette                   CGB
     00000CEC  .set_palette                       CGB
     00000D0B  _set_sprite_palette_entry          CGB
     00000D10  _set_bkg_palette_entry             CGB
     00000D13  .set_palette_entry                 CGB
     00000D2F  _hide_sprites_range                Metasprites
     00000D5F  .sgb_check                         
ASxxxx Linker V03.00 + NoICE + sdld,  page 16.
Hexadecimal  [32-Bits]

Area                                    Addr        Size        Decimal Bytes (Attributes)
--------------------------------        ----        ----        ------- ----- ------------
_CODE                               00000200    00000C4E =        3150. bytes (REL,CON)

      Value  Global                              Global Defined In Module
      -----  --------------------------------   ------------------------
     00000D5F  _sgb_check                         
     00000DA7  _sgb_transfer                      
     00000DAC  .sgb_transfer                      
     00000DED  ___move_metasprite                 Metasprites
     00000E2C  _cpu_slow                          CGB
     00000E47  _cpu_fast                          CGB

ASxxxx Linker V03.00 + NoICE + sdld,  page 17.
Hexadecimal  [32-Bits]

Area                                    Addr        Size        Decimal Bytes (Attributes)
--------------------------------        ----        ----        ------- ----- ------------
_HEADER0                            00000000    00000001 =           1. bytes (ABS,CON)

      Value  Global                              Global Defined In Module
      -----  --------------------------------   ------------------------
     00000020  .call_hl                           Runtime

ASxxxx Linker V03.00 + NoICE + sdld,  page 18.
Hexadecimal  [32-Bits]

Area                                    Addr        Size        Decimal Bytes (Attributes)
--------------------------------        ----        ----        ------- ----- ------------
_HEADER1                            00000000    00000005 =           5. bytes (ABS,CON)

      Value  Global                              Global Defined In Module
      -----  --------------------------------   ------------------------
     00000028  .MemsetSmall                       Runtime

ASxxxx Linker V03.00 + NoICE + sdld,  page 19.
Hexadecimal  [32-Bits]

Area                                    Addr        Size        Decimal Bytes (Attributes)
--------------------------------        ----        ----        ------- ----- ------------
_HEADER2                            00000000    00000007 =           7. bytes (ABS,CON)

      Value  Global                              Global Defined In Module
      -----  --------------------------------   ------------------------
     00000030  .MemcpySmall                       Runtime

ASxxxx Linker V03.00 + NoICE + sdld,  page 20.
Hexadecimal  [32-Bits]

Area                                    Addr        Size        Decimal Bytes (Attributes)
--------------------------------        ----        ----        ------- ----- ------------
_HEADER3                            00000000    00000008 =           8. bytes (ABS,CON)

      Value  Global                              Global Defined In Module
      -----  --------------------------------   ------------------------
ASxxxx Linker V03.00 + NoICE + sdld,  page 21.
Hexadecimal  [32-Bits]

Area                                    Addr        Size        Decimal Bytes (Attributes)
--------------------------------        ----        ----        ------- ----- ------------
_HEADER4                            00000000    0000004E =          78. bytes (ABS,CON)

      Value  Global                              Global Defined In Module
      -----  --------------------------------   ------------------------
     00000080  .int                               Runtime
     0000008F  _wait_int_handler                  Runtime
     0000009C  __standard_VBL_handler             Runtime
     000000AC  _refresh_OAM                       Runtime

ASxxxx Linker V03.00 + NoICE + sdld,  page 22.
Hexadecimal  [32-Bits]

Area                                    Addr        Size        Decimal Bytes (Attributes)
--------------------------------        ----        ----        ------- ----- ------------
_HEADER5                            00000000    00000002 =           2. bytes (ABS,CON)

      Value  Global                              Global Defined In Module
      -----  --------------------------------   ------------------------
ASxxxx Linker V03.00 + NoICE + sdld,  page 23.
Hexadecimal  [32-Bits]

Area                                    Addr        Size        Decimal Bytes (Attributes)
--------------------------------        ----        ----        ------- ----- ------------
_HEADER6                            00000000    00000030 =          48. bytes (ABS,CON)

      Value  Global                              Global Defined In Module
      -----  --------------------------------   ------------------------
ASxxxx Linker V03.00 + NoICE + sdld,  page 24.
Hexadecimal  [32-Bits]

Area                                    Addr        Size        Decimal Bytes (Attributes)
--------------------------------        ----        ----        ------- ----- ------------
_HEADER7                            00000000    00000006 =           6. bytes (ABS,CON)

      Value  Global                              Global Defined In Module
      -----  --------------------------------   ------------------------
ASxxxx Linker V03.00 + NoICE + sdld,  page 25.
Hexadecimal  [32-Bits]

Area                                    Addr        Size        Decimal Bytes (Attributes)
--------------------------------        ----        ----        ------- ----- ------------
_HEADER8                            00000000    00000003 =           3. bytes (ABS,CON)

      Value  Global                              Global Defined In Module
      -----  --------------------------------   ------------------------
ASxxxx Linker V03.00 + NoICE + sdld,  page 26.
Hexadecimal  [32-Bits]

Area                                    Addr        Size        Decimal Bytes (Attributes)
--------------------------------        ----        ----        ------- ----- ------------
_HEADER9                            00000000    00000001 =           1. bytes (ABS,CON)

      Value  Global                              Global Defined In Module
      -----  --------------------------------   ------------------------
ASxxxx Linker V03.00 + NoICE + sdld,  page 27.
Hexadecimal  [32-Bits]

Area                                    Addr        Size        Decimal Bytes (Attributes)
--------------------------------        ----        ----        ------- ----- ------------
_HEADERa                            00000000    00000001 =           1. bytes (ABS,CON)

      Value  Global                              Global Defined In Module
      -----  --------------------------------   ------------------------
ASxxxx Linker V03.00 + NoICE + sdld,  page 28.
Hexadecimal  [32-Bits]

Area                                    Addr        Size        Decimal Bytes (Attributes)
--------------------------------        ----        ----        ------- ----- ------------
_HEADERb                            00000000    00000001 =           1. bytes (ABS,CON)

      Value  Global                              Global Defined In Module
      -----  --------------------------------   ------------------------
ASxxxx Linker V03.00 + NoICE + sdld,  page 29.
Hexadecimal  [32-Bits]

Area                                    Addr        Size        Decimal Bytes (Attributes)
--------------------------------        ----        ----        ------- ----- ------------
_HEADERc                            00000000    00000002 =           2. bytes (ABS,CON)

      Value  Global                              Global Defined In Module
      -----  --------------------------------   ------------------------
ASxxxx Linker V03.00 + NoICE + sdld,  page 30.
Hexadecimal  [32-Bits]

Area                                    Addr        Size        Decimal Bytes (Attributes)
--------------------------------        ----        ----        ------- ----- ------------
_HEADERd                            00000000    00000001 =           1. bytes (ABS,CON)

      Value  Global                              Global Defined In Module
      -----  --------------------------------   ------------------------
ASxxxx Linker V03.00 + NoICE + sdld,  page 31.
Hexadecimal  [32-Bits]

Area                                    Addr        Size        Decimal Bytes (Attributes)
--------------------------------        ----        ----        ------- ----- ------------
_HEADERe                            00000000    00000001 =           1. bytes (ABS,CON)

      Value  Global                              Global Defined In Module
      -----  --------------------------------   ------------------------
ASxxxx Linker V03.00 + NoICE + sdld,  page 32.
Hexadecimal  [32-Bits]

Area                                    Addr        Size        Decimal Bytes (Attributes)
--------------------------------        ----        ----        ------- ----- ------------
_HEADERf                            00000000    00000002 =           2. bytes (ABS,CON)

      Value  Global                              Global Defined In Module
      -----  --------------------------------   ------------------------
ASxxxx Linker V03.00 + NoICE + sdld,  page 33.
Hexadecimal  [32-Bits]

Area                                    Addr        Size        Decimal Bytes (Attributes)
--------------------------------        ----        ----        ------- ----- ------------
_HEADER10                           00000000    00000082 =         130. bytes (ABS,CON)

      Value  Global                              Global Defined In Module
      -----  --------------------------------   ------------------------
     00000150  .reset                             Runtime
     00000150  _reset                             Runtime
     00000157  .code_start                        Runtime
     000001B7  _exit                              Runtime
     000001BB  _set_interrupts                    Runtime

ASxxxx Linker V03.00 + NoICE + sdld,  page 34.
Hexadecimal  [32-Bits]

Area                                    Addr        Size        Decimal Bytes (Attributes)
--------------------------------        ----        ----        ------- ----- ------------
_HEADER11                           00000000    00000001 =           1. bytes (ABS,CON)

      Value  Global                              Global Defined In Module
      -----  --------------------------------   ------------------------
ASxxxx Linker V03.00 + NoICE + sdld,  page 35.
Hexadecimal  [32-Bits]

Area                                    Addr        Size        Decimal Bytes (Attributes)
--------------------------------        ----        ----        ------- ----- ------------
_HOME                               00000E4E    00002C81 =       11393. bytes (REL,CON)

      Value  Global                              Global Defined In Module
      -----  --------------------------------   ------------------------
     00000E4E  .memset_simple                     Runtime
     00000E57  .memcpy_simple                     Runtime
     00000E74  .remove_VBL                        Runtime
     00000E77  .remove_int                        Runtime
     00000E94  .add_VBL                           Runtime
     00000E97  .add_int                           Runtime
     00000EA2  .wait_vbl_done                     Runtime
     00000EA2  _wait_vbl_done                     Runtime
     00000EB2  .display_off                       Runtime
     00000EB2  _display_off                       Runtime
     00000ECA  _remove_VBL                        Runtime
     00000ED5  _add_VBL                           Runtime
     00000EE0  _actors_update                     actor
     000012E9  _SetBankedBkgData                  bankdata
     00001305  _SetBankedSpriteData               bankdata
     00001321  _SetBankedBkgTiles                 bankdata
     0000133D  _SetBankedWinTiles                 bankdata
     00001359  _ReadBankedFarPtr                  bankdata
     00001380  _ReadBankedUWORD                   bankdata
     0000139C  _MemcpyBanked                      bankdata
     000013B8  _MemcpyVRAMBanked                  bankdata
     000013D4  _IndexOfFarPtr                     bankdata
     0000146A  _camera_update                     camera
     0000159D  _load_animations                   data_manager
     000015FC  _events_update                     events
     000016CE  _timers_update                     events
     00001756  _input_update                      input
     00001786  .sio_ISR                           
     000017E0  .timer_ISR                         
     000017F5  _simple_LCD_isr                    interrupts
     00001871  _fullscreen_LCD_isr                interrupts
     0000189D  _VBL_isr                           interrupts
     000018E7  _isqrt                             math
     0000193D  _sine_wave                         math
     00001A3D  _dir_lookup                        math
     00001A45  _dir_angle_lookup                  math
     00001A49  _hUGETrackerRoutine                music_manager
     00001A75  _music_events_update               music_manager
     00001AF7  _music_play_isr                    music_manager
     00001B9D  _parallax_LCD_isr                  parallax
     00001BDA  _projectiles_update                projectiles
     00002079  _projectiles_render                projectiles
     000021EC  _scroll_load_pending_row           scroll
     00002278  _scroll_load_row                   scroll
     000022F2  _scroll_load_col                   scroll
     0000235D  _scroll_load_pending_col           scroll
     000023EE  _set_bkg_submap                    
     00002431  _set_xy_win_submap                 
     0000245E  .set_xy_win_submap                 
     00002467  .set_xy_bkg_submap                 
ASxxxx Linker V03.00 + NoICE + sdld,  page 36.
Hexadecimal  [32-Bits]

Area                                    Addr        Size        Decimal Bytes (Attributes)
--------------------------------        ----        ----        ------- ----- ------------
_HOME                               00000E4E    00002C81 =       11393. bytes (REL,CON)

      Value  Global                              Global Defined In Module
      -----  --------------------------------   ------------------------
     00002476  .set_xy_submap                     
     000024BC  _sfx_play_isr                      sfx_player
     0000258F  _on_SIO_receive                    sio
     000025D0  _SIO_update                        sio
     00002637  _ui_update                         ui
     00002766  _vm_sgb_transfer                   vm_sgb
     000027B4  _vm_load_text                      vm_ui
     00002A09  _vm_switch                         vm
     00002B0C  _vm_beginthread                    vm
     00002C31  _vm_rpn                            vm
     00003373  _vm_get_far                        vm
     000033DD  _vm_call_native                    vm
     000033F0  _VM_STEP                           vm
     0000345E  _script_runner_update              vm
     000035C9  _fill_win_rect                     
     000035DB  _rand                              
     000035DB  _randw                             
     00003606  _initrand                          
     00003608  .initrand                          
     00003611  _get_bkg_data                      
     00003611  _get_win_data                      
     0000365E  _get_sprite_data                   
     0000368E  __mulsuchar                        mul
     00003698  __muluschar                        mul
     000036A2  __mulschar                         mul
     000036B4  __muluchar                         mul
     000036C0  __mulint                           mul
     000036E6  _abs                               abs
     000036F5  _set_win_tiles                     
     00003709  _set_tile_data                     
     0000370E  _set_bkg_data                      
     0000370E  _set_win_data                      
     00003716  _set_sprite_data                   
     00003746  _reverse                           reverse
     0000377A  ___call__banked                    far_ptr
     00003797  _to_far_ptr                        far_ptr
     000037D0  _add_LCD                           
     000037DB  .add_LCD                           
     000037E1  _remove_LCD                        
     000037EC  .remove_LCD                        
     000037F2  .fill_rect_wtt                     
     000037FB  .fill_rect_btt                     
     00003848  .copy_vram                         
     0000385C  _get_data                          
     0000385C  _set_data                          
     0000385C  _vmemcpy                           
     0000386F  _fill_bkg_rect                     
     00003881  .padup                             
     00003881  _waitpadup                         
     00003891  .jpad                              
     00003891  _joypad                            
ASxxxx Linker V03.00 + NoICE + sdld,  page 37.
Hexadecimal  [32-Bits]

Area                                    Addr        Size        Decimal Bytes (Attributes)
--------------------------------        ----        ----        ------- ----- ------------
_HOME                               00000E4E    00002C81 =       11393. bytes (REL,CON)

      Value  Global                              Global Defined In Module
      -----  --------------------------------   ------------------------
     000038B9  _waitpad                           
     000038BC  .wait_pad                          
     000038C3  ___sdcc_call_hl                    call_hl
     000038C4  ___memcpy                          memcpy
     000038C4  _memcpy                            memcpy
     00003907  _memset                            memset
     0000393A  .set_xy_wtt                        SetTileMap
     00003943  .set_xy_btt                        SetTileMap
     00003952  .set_xy_tt                         SetTileMap
     00003994  __divsuchar                        div
     000039A1  __modsuchar                        div
     000039AB  __divuschar                        div
     000039BD  __moduschar                        div
     000039CD  __divschar                         div
     000039D9  __modschar                         div
     000039E3  __divsint                          div
     000039F4  __modsint                          div
     00003A03  __divuchar                         div
     00003A0F  __moduchar                         div
     00003A19  __divuint                          div
     00003A2A  __moduint                          div
     00003A39  .div8                              div
     00003A39  .mod8                              div
     00003A41  .div16                             div
     00003A41  .mod16                             div
     00003A77  .divu8                             div
     00003A77  .modu8                             div
     00003A7A  .divu16                            div
     00003A7A  .modu16                            div
     00003ABB  _set_bkg_tiles                     

ASxxxx Linker V03.00 + NoICE + sdld,  page 38.
Hexadecimal  [32-Bits]

Area                                    Addr        Size        Decimal Bytes (Attributes)
--------------------------------        ----        ----        ------- ----- ------------
_INITIALIZER                        00003ACF    00000019 =          25. bytes (REL,CON)

      Value  Global                              Global Defined In Module
      -----  --------------------------------   ------------------------
ASxxxx Linker V03.00 + NoICE + sdld,  page 39.
Hexadecimal  [32-Bits]

Area                                    Addr        Size        Decimal Bytes (Attributes)
--------------------------------        ----        ----        ------- ----- ------------
_GSINIT                             00003AE8    00000027 =          39. bytes (REL,CON)

      Value  Global                              Global Defined In Module
      -----  --------------------------------   ------------------------
     00003AE8  gsinit                             Runtime

ASxxxx Linker V03.00 + NoICE + sdld,  page 40.
Hexadecimal  [32-Bits]

Area                                    Addr        Size        Decimal Bytes (Attributes)
--------------------------------        ----        ----        ------- ----- ------------
_GSFINAL                            00003B0F    00000001 =           1. bytes (REL,CON)

      Value  Global                              Global Defined In Module
      -----  --------------------------------   ------------------------
ASxxxx Linker V03.00 + NoICE + sdld,  page 41.
Hexadecimal  [32-Bits]

Area                                    Addr        Size        Decimal Bytes (Attributes)
--------------------------------        ----        ----        ------- ----- ------------
_DATA                               0000C0A0    0000197F =        6527. bytes (REL,CON)

      Value  Global                              Global Defined In Module
      -----  --------------------------------   ------------------------
     0000C0A0  __cpu                              Runtime
     0000C0A1  __is_GBA                           Runtime
     0000C0A2  .mode                              Runtime
     0000C0A3  .sys_time                          Runtime
     0000C0A3  _sys_time                          Runtime
     0000C0A5  .int_0x40                          Runtime
     0000C0B9  _actors                            actor
     0000C4FD  _actors_active_head                actor
     0000C4FF  _actors_active_tail                actor
     0000C501  _actors_inactive_head              actor
     0000C503  _screen_x                          actor
     0000C504  _screen_y                          actor
     0000C505  _invalid                           actor
     0000C507  _player_moving                     actor
     0000C508  _player_iframes                    actor
     0000C509  _player_collision_actor            actor
     0000C50B  _emote_actor                       actor
     0000C50D  _emote_timer                       actor
     0000C50E  _allocated_hardware_sprites        actor
     0000C51A  _camera_x                          camera
     0000C51C  _camera_y                          camera
     0000C51E  _camera_offset_x                   camera
     0000C51F  _camera_offset_y                   camera
     0000C520  _camera_deadzone_x                 camera
     0000C521  _camera_deadzone_y                 camera
     0000C522  _camera_settings                   camera
     0000C526  _current_scene                     data_manager
     0000C529  _image_bank                        data_manager
     0000C52A  _image_ptr                         data_manager
     0000C52C  _image_attr_bank                   data_manager
     0000C52D  _image_attr_ptr                    data_manager
     0000C52F  _collision_bank                    data_manager
     0000C530  _collision_ptr                     data_manager
     0000C532  _image_tile_width                  data_manager
     0000C533  _image_tile_height                 data_manager
     0000C534  _image_width                       data_manager
     0000C536  _image_height                      data_manager
     0000C538  _sprites_len                       data_manager
     0000C539  _actors_len                        data_manager
     0000C53A  _projectiles_len                   data_manager
     0000C53B  _player_sprite_len                 data_manager
     0000C53C  _scene_type                        data_manager
     0000C53D  _scene_LCD_type                    data_manager
     0000C53E  _scene_stack                       data_manager
     0000C57E  _scene_stack_ptr                   data_manager
     0000C580  _scene_sprites_base_tiles          data_manager
     0000C5C0  _input_events                      events
     0000C5E8  _input_slots                       events
     0000C5F0  _timer_events                      events
     0000C604  _timer_values                      events
ASxxxx Linker V03.00 + NoICE + sdld,  page 42.
Hexadecimal  [32-Bits]

Area                                    Addr        Size        Decimal Bytes (Attributes)
--------------------------------        ----        ----        ------- ----- ------------
_DATA                               0000C0A0    0000197F =        6527. bytes (REL,CON)

      Value  Global                              Global Defined In Module
      -----  --------------------------------   ------------------------
     0000C60C  _fade_running                      fade_manager
     0000C60D  _fade_frames_per_step              fade_manager
     0000C60E  _fade_timer                        fade_manager
     0000C616  _joypads                           input
     0000C61B  _frame_joy                         input
     0000C61C  _last_joy                          input
     0000C61D  _recent_joy                        input
     0000C61E  _SIO_status                        
     0000C61F  _link_byte_sent                    
     0000C620  _link_next_mode                    
     0000C621  _save_blob_size                    load_save
     0000C623  _routine_queue                     music_manager
     0000C627  _routine_queue_head                music_manager
     0000C628  _routine_queue_tail                music_manager
     0000C629  _music_events                      music_manager
     0000C63D  _music_current_track_bank          music_manager
     0000C63E  _music_mute_flag                   music_manager
     0000C63F  _music_mute_mask                   music_manager
     0000C640  _music_next_track                  music_manager
     0000C642  _music_current_track               music_manager
     0000C644  _music_play_isr_counter            music_manager
     0000C645  _music_play_isr_pause              music_manager
     0000C646  _music_global_mute_mask            music_manager
     0000C647  _music_sfx_priority                music_manager
     0000C648  _DMG_palette                       palette
     0000C64B  _SprPalette                        palette
     0000C68B  _parallax_rows                     parallax
     0000C69D  _parallax_row                      parallax
     0000C69F  _projectiles                       projectiles
     0000C758  _projectile_defs                   projectiles
     0000C7CB  _projectiles_active_head           projectiles
     0000C7CD  _projectiles_inactive_head         projectiles
     0000C7D4  _scroll_x                          scroll
     0000C7D6  _scroll_y                          scroll
     0000C7D8  _draw_scroll_x                     scroll
     0000C7DA  _draw_scroll_y                     scroll
     0000C7DC  _scroll_x_max                      scroll
     0000C7DE  _scroll_y_max                      scroll
     0000C7E0  _scroll_offset_x                   scroll
     0000C7E1  _scroll_offset_y                   scroll
     0000C7E2  _pending_h_x                       scroll
     0000C7E3  _pending_h_y                       scroll
     0000C7E4  _pending_h_i                       scroll
     0000C7E5  _pending_w_x                       scroll
     0000C7E6  _pending_w_y                       scroll
     0000C7E7  _pending_w_i                       scroll
     0000C7E8  _current_row                       scroll
     0000C7EA  _new_row                           scroll
     0000C7EC  _current_col                       scroll
     0000C7EE  _new_col                           scroll
     0000C7F0  .image_tile_width                  
ASxxxx Linker V03.00 + NoICE + sdld,  page 43.
Hexadecimal  [32-Bits]

Area                                    Addr        Size        Decimal Bytes (Attributes)
--------------------------------        ----        ----        ------- ----- ------------
_DATA                               0000C0A0    0000197F =        6527. bytes (REL,CON)

      Value  Global                              Global Defined In Module
      -----  --------------------------------   ------------------------
     0000C7F1  _sfx_play_bank                     sfx_player
     0000C7F2  _sfx_play_sample                   sfx_player
     0000C7F4  _sfx_frame_skip                    sfx_player
     0000C7F5  _link_operation_mode               sio
     0000C7F6  _link_packet                       sio
     0000C816  _link_packet_len                   sio
     0000C817  _link_packet_ptr                   sio
     0000C819  _link_packet_received              sio
     0000C81A  _link_packet_snd_len               sio
     0000C81B  _link_packet_snd_ptr               sio
     0000C81D  _link_packet_sent                  sio
     0000C81E  __is_CGB                           system
     0000C81F  __is_SGB                           system
     0000C820  __current_ram_bank                 system
     0000C821  _triggers                          trigger
     0000C919  _last_trigger_tx                   trigger
     0000C91A  _last_trigger_ty                   trigger
     0000C91B  _last_trigger                      trigger
     0000C91C  _win_pos_x                         ui
     0000C91D  _win_dest_pos_x                    ui
[...]
C:/Users/amish/AppData/Local/Temp/_gbsbuild/obj/palette_4.rel
                                          [ palette_4 ]
C:/Users/amish/AppData/Local/Temp/_gbsbuild/obj/palette_5.rel
                                          [ palette_5 ]
C:/Users/amish/AppData/Local/Temp/_gbsbuild/obj/palette_6.rel
                                          [ palette_6 ]
C:/Users/amish/AppData/Local/Temp/_gbsbuild/obj/palette_7.rel
                                          [ palette_7 ]
C:/Users/amish/AppData/Local/Temp/_gbsbuild/obj/scene_0_actors.rel
                                          [ scene_0_actors ]
C:/Users/amish/AppData/Local/Temp/_gbsbuild/obj/scene_0_collisions.rel
                                          [ scene_0_collisions ]
C:/Users/amish/AppData/Local/Temp/_gbsbuild/obj/scene_0_init.rel
                                          [ scene_0_init ]
C:/Users/amish/AppData/Local/Temp/_gbsbuild/obj/scene_0_sprites.rel
                                          [ scene_0_sprites ]
C:/Users/amish/AppData/Local/Temp/_gbsbuild/obj/scene_0_triggers.rel
                                          [ scene_0_triggers ]
C:/Users/amish/AppData/Local/Temp/_gbsbuild/obj/scene_0.rel
                                          [ scene_0 ]
C:/Users/amish/AppData/Local/Temp/_gbsbuild/obj/scene_10_actors.rel
                                          [ scene_10_actors ]
C:/Users/amish/AppData/Local/Temp/_gbsbuild/obj/scene_10_collisions.rel
                                          [ scene_10_collisions ]
C:/Users/amish/AppData/Local/Temp/_gbsbuild/obj/scene_10_init.rel
                                          [ scene_10_init ]
C:/Users/amish/AppData/Local/Temp/_gbsbuild/obj/scene_10_sprites.rel
                                          [ scene_10_sprites ]
C:/Users/amish/AppData/Local/Temp/_gbsbuild/obj/scene_10.rel
                                          [ scene_10 ]
C:/Users/amish/AppData/Local/Temp/_gbsbuild/obj/scene_11_collisions.rel
                                          [ scene_11_collisions ]
C:/Users/amish/AppData/Local/Temp/_gbsbuild/obj/scene_11_init.rel
                                          [ scene_11_init ]
C:/Users/amish/AppData/Local/Temp/_gbsbuild/obj/scene_11.rel
                                          [ scene_11 ]
C:/Users/amish/AppData/Local/Temp/_gbsbuild/obj/scene_12_collisions.rel
                                          [ scene_12_collisions ]
C:/Users/amish/AppData/Local/Temp/_gbsbuild/obj/scene_12_init.rel
                                          [ scene_12_init ]
C:/Users/amish/AppData/Local/Temp/_gbsbuild/obj/scene_12.rel
                                          [ scene_12 ]
C:/Users/amish/AppData/Local/Temp/_gbsbuild/obj/scene_13_collisions.rel
                                          [ scene_13_collisions ]
C:/Users/amish/AppData/Local/Temp/_gbsbuild/obj/scene_13_init.rel
                                          [ scene_13_init ]
C:/Users/amish/AppData/Local/Temp/_gbsbuild/obj/scene_13.rel
                                          [ scene_13 ]
C:/Users/amish/AppData/Local/Temp/_gbsbuild/obj/scene_14_collisions.rel
                                          [ scene_14_collisions ]
C:/Users/amish/AppData/Local/Temp/_gbsbuild/obj/scene_14_init.rel
                                          [ scene_14_init ]
C:/Users/amish/AppData/Local/Temp/_gbsbuild/obj/scene_14.rel
                                          [ scene_14 ]
C:/Users/amish/AppData/Local/Temp/_gbsbuild/obj/scene_15_collisions.rel
                                          [ scene_15_collisions ]
C:/Users/amish/AppData/Local/Temp/_gbsbuild/obj/scene_15_init.rel
                                          [ scene_15_init ]
C:/Users/amish/AppData/Local/Temp/_gbsbuild/obj/scene_15.rel
                                          [ scene_15 ]
C:/Users/amish/AppData/Local/Temp/_gbsbuild/obj/scene_16_collisions.rel
                                          [ scene_16_collisions ]
C:/Users/amish/AppData/Local/Temp/_gbsbuild/obj/scene_16_init.rel
                                          [ scene_16_init ]
C:/Users/amish/AppData/Local/Temp/_gbsbuild/obj/scene_16.rel
                                          [ scene_16 ]
C:/Users/amish/AppData/Local/Temp/_gbsbuild/obj/scene_17_collisions.rel
                                          [ scene_17_collisions ]
C:/Users/amish/AppData/Local/Temp/_gbsbuild/obj/scene_17_init.rel
                                          [ scene_17_init ]
C:/Users/amish/AppData/Local/Temp/_gbsbuild/obj/scene_17.rel
                                          [ scene_17 ]
C:/Users/amish/AppData/Local/Temp/_gbsbuild/obj/scene_18_actors.rel
                                          [ scene_18_actors ]
C:/Users/amish/AppData/Local/Temp/_gbsbuild/obj/scene_18_collisions.rel
                                          [ scene_18_collisions ]
C:/Users/amish/AppData/Local/Temp/_gbsbuild/obj/scene_18_init.rel
                                          [ scene_18_init ]
C:/Users/amish/AppData/Local/Temp/_gbsbuild/obj/scene_18_sprites.rel
                                          [ scene_18_sprites ]
C:/Users/amish/AppData/Local/Temp/_gbsbuild/obj/scene_18.rel
                                          [ scene_18 ]
C:/Users/amish/AppData/Local/Temp/_gbsbuild/obj/scene_19_actors.rel
                                          [ scene_19_actors ]
C:/Users/amish/AppData/Local/Temp/_gbsbuild/obj/scene_19_collisions.rel
                                          [ scene_19_collisions ]
C:/Users/amish/AppData/Local/Temp/_gbsbuild/obj/scene_19_init.rel
                                          [ scene_19_init ]
C:/Users/amish/AppData/Local/Temp/_gbsbuild/obj/scene_19_sprites.rel
                                          [ scene_19_sprites ]
C:/Users/amish/AppData/Local/Temp/_gbsbuild/obj/scene_19.rel
                                          [ scene_19 ]
C:/Users/amish/AppData/Local/Temp/_gbsbuild/obj/scene_9_actors.rel
                                          [ scene_9_actors ]
C:/Users/amish/AppData/Local/Temp/_gbsbuild/obj/scene_9_collisions.rel
                                          [ scene_9_collisions ]
C:/Users/amish/AppData/Local/Temp/_gbsbuild/obj/scene_9_init.rel
                                          [ scene_9_init ]
C:/Users/amish/AppData/Local/Temp/_gbsbuild/obj/scene_9_sprites.rel
                                          [ scene_9_sprites ]
C:/Users/amish/AppData/Local/Temp/_gbsbuild/obj/scene_9_triggers.rel
                                          [ scene_9_triggers ]
C:/Users/amish/AppData/Local/Temp/_gbsbuild/obj/scene_9.rel
                                          [ scene_9 ]
C:/Users/amish/AppData/Local/Temp/_gbsbuild/obj/scene_logo_collisions.rel
                                          [ scene_logo_collisions ]
C:/Users/amish/AppData/Local/Temp/_gbsbuild/obj/scene_logo_init.rel
                                          [ scene_logo_init ]
C:/Users/amish/AppData/Local/Temp/_gbsbuild/obj/scene_logo.rel
                                          [ scene_logo ]
C:/Users/amish/AppData/Local/Temp/_gbsbuild/obj/scene_parallax_example_actors.rel
                                          [ scene_parallax_example_actors ]
C:/Users/amish/AppData/Local/Temp/_gbsbuild/obj/scene_parallax_example_collisions.rel
                                          [ scene_parallax_example_collision ]
C:/Users/amish/AppData/Local/Temp/_gbsbuild/obj/scene_parallax_example_init.rel
                                          [ scene_parallax_example_init ]
C:/Users/amish/AppData/Local/Temp/_gbsbuild/obj/scene_parallax_example_sprites.rel
                                          [ scene_parallax_example_sprites ]
C:/Users/amish/AppData/Local/Temp/_gbsbuild/obj/scene_parallax_example_triggers.rel
                                          [ scene_parallax_example_triggers ]
C:/Users/amish/AppData/Local/Temp/_gbsbuild/obj/scene_parallax_example.rel
                                          [ scene_parallax_example ]
C:/Users/amish/AppData/Local/Temp/_gbsbuild/obj/scene_title_screen_collisions.rel
                                          [ scene_title_screen_collisions ]
C:/Users/amish/AppData/Local/Temp/_gbsbuild/obj/scene_title_screen_init.rel
                                          [ scene_title_screen_init ]
C:/Users/amish/AppData/Local/Temp/_gbsbuild/obj/scene_title_screen.rel
                                          [ scene_title_screen ]
C:/Users/amish/AppData/Local/Temp/_gbsbuild/obj/script_12.rel
                                          [ script_12 ]
C:/Users/amish/AppData/Local/Temp/_gbsbuild/obj/script_15.rel
                                          [ script_15 ]
C:/Users/amish/AppData/Local/Temp/_gbsbuild/obj/script_engine_init.rel
                                          [  ]
C:/Users/amish/AppData/Local/Temp/_gbsbuild/obj/script_init_menu.rel
                                          [ script_init_menu ]
C:/Users/amish/AppData/Local/Temp/_gbsbuild/obj/script_input_0.rel
                                          [ script_input_0 ]
C:/Users/amish/AppData/Local/Temp/_gbsbuild/obj/script_input_1.rel
                                          [ script_input_1 ]
C:/Users/amish/AppData/Local/Temp/_gbsbuild/obj/script_input_2.rel
                                          [ script_input_2 ]
C:/Users/amish/AppData/Local/Temp/_gbsbuild/obj/script_input_3.rel
                                          [ script_input_3 ]
C:/Users/amish/AppData/Local/Temp/_gbsbuild/obj/sound_legacy_0.rel
                                          [ sound_legacy_0 ]
C:/Users/amish/AppData/Local/Temp/_gbsbuild/obj/sprite_0_peeanim_sad_tileset.rel
                                          [ sprite_0_peeanim_sad_tileset ]
C:/Users/amish/AppData/Local/Temp/_gbsbuild/obj/sprite_0_peeanim_sad.rel
                                          [ sprite_0_peeanim_sad ]
C:/Users/amish/AppData/Local/Temp/_gbsbuild/obj/sprite_chemical_cloud_tileset.rel
                                          [ sprite_chemical_cloud_tileset ]
C:/Users/amish/AppData/Local/Temp/_gbsbuild/obj/sprite_chemical_cloud.rel
                                          [ sprite_chemical_cloud ]
C:/Users/amish/AppData/Local/Temp/_gbsbuild/obj/sprite_chemical_vat_rev_ani_tileset.rel
                                          [ sprite_chemical_vat_rev_ani_tile ]
C:/Users/amish/AppData/Local/Temp/_gbsbuild/obj/sprite_chemical_vat_rev_ani.rel
                                          [ sprite_chemical_vat_rev_ani ]
C:/Users/amish/AppData/Local/Temp/_gbsbuild/obj/sprite_cloud_player_sprite_tileset.rel
                                          [ sprite_cloud_player_sprite_tiles ]
C:/Users/amish/AppData/Local/Temp/_gbsbuild/obj/sprite_cloud_player_sprite.rel
                                          [ sprite_cloud_player_sprite ]
C:/Users/amish/AppData/Local/Temp/_gbsbuild/obj/sprite_flame_baby_idling_an_tileset.rel
                                          [ sprite_flame_baby_idling_an_tile ]
C:/Users/amish/AppData/Local/Temp/_gbsbuild/obj/sprite_flame_baby_idling_an.rel
                                          [ sprite_flame_baby_idling_an ]
C:/Users/amish/AppData/Local/Temp/_gbsbuild/obj/sprite_fly_enemysingle_anim_tileset.rel
                                          [ sprite_fly_enemysingle_anim_tile ]
C:/Users/amish/AppData/Local/Temp/_gbsbuild/obj/sprite_fly_enemysingle_anim.rel
                                          [ sprite_fly_enemysingle_anim ]
C:/Users/amish/AppData/Local/Temp/_gbsbuild/obj/sprite_gbs_font_small_tileset.rel
                                          [ sprite_gbs_font_small_tileset ]
C:/Users/amish/AppData/Local/Temp/_gbsbuild/obj/sprite_gbs_font_small.rel
                                          [ sprite_gbs_font_small ]
C:/Users/amish/AppData/Local/Temp/_gbsbuild/obj/sprite_plant_stages_v1_tileset.rel
                                          [ sprite_plant_stages_v1_tileset ]
C:/Users/amish/AppData/Local/Temp/_gbsbuild/obj/sprite_plant_stages_v1.rel
                                          [ sprite_plant_stages_v1 ]
C:/Users/amish/AppData/Local/Temp/_gbsbuild/obj/sprite_player_platform_tileset.rel
                                          [ sprite_player_platform_tileset ]
C:/Users/amish/AppData/Local/Temp/_gbsbuild/obj/sprite_player_platform.rel
                                          [ sprite_player_platform ]
C:/Users/amish/AppData/Local/Temp/_gbsbuild/obj/sprite_player_tileset.rel
                                          [ sprite_player_tileset ]
C:/Users/amish/AppData/Local/Temp/_gbsbuild/obj/sprite_player.rel
                                          [ sprite_player ]
C:/Users/amish/AppData/Local/Temp/_gbsbuild/obj/sprite_rain_tileset.rel
                                          [ sprite_rain_tileset ]
C:/Users/amish/AppData/Local/Temp/_gbsbuild/obj/sprite_rain.rel
                                          [ sprite_rain ]
C:/Users/amish/AppData/Local/Temp/_gbsbuild/obj/sprite_soot_idle_anim_tileset.rel
                                          [ sprite_soot_idle_anim_tileset ]
C:/Users/amish/AppData/Local/Temp/_gbsbuild/obj/sprite_soot_idle_anim.rel
                                          [ sprite_soot_idle_anim ]
C:/Users/amish/AppData/Local/Temp/_gbsbuild/obj/sprite_sprite_raindrop_tileset.rel
                                          [ sprite_sprite_raindrop_tileset ]
C:/Users/amish/AppData/Local/Temp/_gbsbuild/obj/sprite_sprite_raindrop.rel
                                          [ sprite_sprite_raindrop ]
C:/Users/amish/AppData/Local/Temp/_gbsbuild/obj/sprite_tree_stump_tileset.rel
                                          [ sprite_tree_stump_tileset ]
C:/Users/amish/AppData/Local/Temp/_gbsbuild/obj/sprite_tree_stump.rel
                                          [ sprite_tree_stump ]
C:/Users/amish/AppData/Local/Temp/_gbsbuild/obj/spritesheet_none.rel
                                          [ spritesheet_none ]
C:/Users/amish/AppData/Local/Temp/_gbsbuild/obj/trigger_0_interact.rel
                                          [ trigger_0_interact ]
C:/Users/amish/AppData/Local/Temp/_gbsbuild/obj/trigger_1_interact.rel
                                          [ trigger_1_interact ]
C:/Users/amish/AppData/Local/Temp/_gbsbuild/obj/trigger_2_interact.rel
                                          [ trigger_2_interact ]
C:/Users/amish/AppData/Local/Temp/_gbsbuild/obj/trigger_3_interact.rel
                                          [ trigger_3_interact ]
C:/Users/amish/AppData/Local/Temp/_gbsbuild/obj/trigger_4_interact.rel
                                          [ trigger_4_interact ]
C:/Users/amish/AppData/Local/Temp/_gbsbuild/obj/trigger_40_interact.rel
                                          [ trigger_40_interact ]
C:/Users/amish/AppData/Local/Temp/_gbsbuild/obj/trigger_5_interact.rel
                                          [ trigger_5_interact ]
C:/Users/amish/AppData/Local/Temp/_gbsbuild/obj/trigger_6_interact.rel
                                          [ trigger_6_interact ]
C:/Users/amish/AppData/Local/Temp/_gbsbuild/obj/trigger_7_interact.rel
                                          [ trigger_7_interact ]
C:/Users/amish/AppData/Local/Temp/_gbsbuild/obj/main.rel
                                          [ main ]
C:/Users/amish/AppData/Local/Temp/_gbsbuild/obj/adventure.rel
                                          [ adventure ]
C:/Users/amish/AppData/Local/Temp/_gbsbuild/obj/logo.rel
                                          [ logo ]
C:/Users/amish/AppData/Local/Temp/_gbsbuild/obj/platform.rel
                                          [ platform ]
C:/Users/amish/AppData/Local/Temp/_gbsbuild/obj/pointnclick.rel
                                          [ pointnclick ]
C:/Users/amish/AppData/Local/Temp/_gbsbuild/obj/shmup.rel
                                          [ shmup ]
C:/Users/amish/AppData/Local/Temp/_gbsbuild/obj/states_ptrs.rel
                                          [  ]
C:/Users/amish/AppData/Local/Temp/_gbsbuild/obj/topdown.rel
                                          [ topdown ]


Libraries Linked                          [ object file ]

C:\Users\amish\AppData\Local\Temp/_gbstools/gbdk/lib/small/asxxxx/gb/gb.lib
                                          [ fill_rect_wi.o ]
C:\Users\amish\AppData\Local\Temp/_gbstools/gbdk/lib/small/asxxxx/gbz80/gbz80.lib
                                          [ rand.o ]
lib/hUGEDriver.lib                        [ hUGEDriver.obj.o ]
C:\Users\amish\AppData\Local\Temp/_gbstools/gbdk/lib/small/asxxxx/gb/gb.lib
                                          [ sfr.o ]
C:\Users\amish\AppData\Local\Temp/_gbstools/gbdk/lib/small/asxxxx/gb/gb.lib
                                          [ get_data.o ]
C:\Users\amish\AppData\Local\Temp/_gbstools/gbdk/lib/small/asxxxx/gb/gb.lib
                                          [ get_tile.o ]
C:\Users\amish\AppData\Local\Temp/_gbstools/gbdk/lib/small/asxxxx/gb/gb.lib
                                          [ cgb_palettes.o ]
C:\Users\amish\AppData\Local\Temp/_gbstools/gbdk/lib/small/asxxxx/gb/gb.lib
                                          [ metasprites_hide_spr.o ]
C:\Users\amish\AppData\Local\Temp/_gbstools/gbdk/lib/small/asxxxx/gbz80/gbz80.lib
                                          [ mul.o ]
C:\Users\amish\AppData\Local\Temp/_gbstools/gbdk/lib/small/asxxxx/gbz80/gbz80.lib
                                          [ abs.o ]
C:\Users\amish\AppData\Local\Temp/_gbstools/gbdk/lib/small/asxxxx/gb/gb.lib
                                          [ set_wi_t.o ]
C:\Users\amish\AppData\Local\Temp/_gbstools/gbdk/lib/small/asxxxx/gb/gb.lib
                                          [ set_data.o ]
C:\Users\amish\AppData\Local\Temp/_gbstools/gbdk/lib/small/asxxxx/gbz80/gbz80.lib
                                          [ reverse.o ]
C:\Users\amish\AppData\Local\Temp/_gbstools/gbdk/lib/small/asxxxx/gb/gb.lib
                                          [ far_ptr.o ]
C:\Users\amish\AppData\Local\Temp/_gbstools/gbdk/lib/small/asxxxx/gb/gb.lib
                                          [ sgb.o ]
C:\Users\amish\AppData\Local\Temp/_gbstools/gbdk/lib/small/asxxxx/gb/gb.lib
                                          [ lcd.o ]
C:\Users\amish\AppData\Local\Temp/_gbstools/gbdk/lib/small/asxxxx/gb/gb.lib
                                          [ fill_rect.o ]
C:\Users\amish\AppData\Local\Temp/_gbstools/gbdk/lib/small/asxxxx/gb/gb.lib
                                          [ cpy_data.o ]
C:\Users\amish\AppData\Local\Temp/_gbstools/gbdk/lib/small/asxxxx/gb/gb.lib
                                          [ fill_rect_bk.o ]
C:\Users\amish\AppData\Local\Temp/_gbstools/gbdk/lib/small/asxxxx/gb/gb.lib
                                          [ pad.o ]
C:\Users\amish\AppData\Local\Temp/_gbstools/gbdk/lib/small/asxxxx/gb/gb.lib
                                          [ metasprites.o ]
C:\Users\amish\AppData\Local\Temp/_gbstools/gbdk/lib/small/asxxxx/gbz80/gbz80.lib
                                          [ __sdcc_call_hl.o ]
C:\Users\amish\AppData\Local\Temp/_gbstools/gbdk/lib/small/asxxxx/gbz80/gbz80.lib
                                          [ _memcpy.o ]
C:\Users\amish\AppData\Local\Temp/_gbstools/gbdk/lib/small/asxxxx/gbz80/gbz80.lib
                                          [ _memset.o ]
C:\Users\amish\AppData\Local\Temp/_gbstools/gbdk/lib/small/asxxxx/gb/gb.lib
                                          [ set_xy_t.o ]
C:\Users\amish\AppData\Local\Temp/_gbstools/gbdk/lib/small/asxxxx/gb/gb.lib
                                          [ cgb.o ]
C:\Users\amish\AppData\Local\Temp/_gbstools/gbdk/lib/small/asxxxx/gbz80/gbz80.lib
                                          [ div.o ]
C:\Users\amish\AppData\Local\Temp/_gbstools/gbdk/lib/small/asxxxx/gb/gb.lib
                                          [ set_bk_t.o ]

ASxxxx Linker V03.00 + NoICE + sdld,  page 77.

User Base Address Definitions

_DATA=0xC0A0
_CODE=0x0200
ASxxxx Linker V03.00 + NoICE + sdld,  page 78.

User Global Definitions

.STACK=0xDF00
_shadow_OAM=0xC000
.refresh_OAM=0xFF80
__start_save=12

